[0m11:59:35.455192 [debug] [MainThread]: Sending event: {'category': 'dbt', 'action': 'invocation', 'label': 'start', 'context': [<snowplow_tracker.self_describing_json.SelfDescribingJson object at 0x00000224BD3A6F70>, <snowplow_tracker.self_describing_json.SelfDescribingJson object at 0x00000224BFEAEAC0>, <snowplow_tracker.self_describing_json.SelfDescribingJson object at 0x00000224BFEAE040>]}


============================== 11:59:35.457248 | 89898019-6871-482a-b0ba-15ebe86eb0aa ==============================
[0m11:59:35.457248 [info ] [MainThread]: Running with dbt=1.7.20
[0m11:59:35.457248 [debug] [MainThread]: running dbt with arguments {'printer_width': '80', 'indirect_selection': 'eager', 'log_cache_events': 'False', 'write_json': 'True', 'partial_parse': 'True', 'cache_selected_only': 'False', 'profiles_dir': 'C:\\Users\\JARRISON\\.dbt', 'debug': 'False', 'warn_error': 'None', 'log_path': 'logs', 'version_check': 'True', 'fail_fast': 'False', 'use_colors': 'True', 'use_experimental_parser': 'False', 'no_print': 'None', 'quiet': 'False', 'warn_error_options': 'WarnErrorOptions(include=[], exclude=[])', 'introspect': 'True', 'invocation_command': 'dbt init .', 'static_parser': 'True', 'target_path': 'None', 'log_format': 'default', 'send_anonymous_usage_stats': 'True'}
[0m11:59:35.472871 [warn ] [MainThread]: [[33mWARNING[0m]: This version of dbt is deprecated and no longer receives regular patches, including for known bugs. Please upgrade to a newer supported version of dbt for new projects: https://docs.getdbt.com/docs/dbt-versions?utm_source=dbt-cli
[0m11:59:35.474926 [debug] [MainThread]: Sending event: {'category': 'dbt', 'action': 'deprecated_version_invocation', 'label': '89898019-6871-482a-b0ba-15ebe86eb0aa', 'context': [<snowplow_tracker.self_describing_json.SelfDescribingJson object at 0x00000224BFEE7A30>]}
[0m11:59:35.474926 [warn ] [MainThread]: [ConfigFolderDirectory]: Unable to parse dict {'dir': WindowsPath('C:/Users/JARRISON/.dbt')}
[0m11:59:35.477691 [info ] [MainThread]: Creating dbt configuration folder at 
[0m12:00:07.356128 [debug] [MainThread]: Starter project path: c:\users\jarrison\appdata\local\programs\python\python39\lib\site-packages\dbt\include\starter_project
[0m12:00:07.440010 [info ] [MainThread]: 
Your new dbt project "ecommerce_dbt_bigquery" was created!

For more information on how to configure the profiles.yml file,
please consult the dbt documentation here:

  https://docs.getdbt.com/docs/configure-your-profile

One more thing:

Need help? Don't hesitate to reach out to us via GitHub issues or on Slack:

  https://community.getdbt.com/

Happy modeling!

[0m12:00:07.446324 [info ] [MainThread]: Setting up your profile.
[0m12:01:08.972470 [info ] [MainThread]: Profile ecommerce_dbt_bigquery written to C:\Users\JARRISON\.dbt\profiles.yml using target's profile_template.yml and your supplied values. Run 'dbt debug' to validate the connection.
[0m12:01:08.972470 [debug] [MainThread]: Command `dbt init` succeeded at 12:01:08.972470 after 93.66 seconds
[0m12:01:08.981931 [debug] [MainThread]: Sending event: {'category': 'dbt', 'action': 'invocation', 'label': 'end', 'context': [<snowplow_tracker.self_describing_json.SelfDescribingJson object at 0x00000224BD3A6F70>, <snowplow_tracker.self_describing_json.SelfDescribingJson object at 0x00000224BC3EE520>, <snowplow_tracker.self_describing_json.SelfDescribingJson object at 0x00000224BFEAE040>]}
[0m12:01:08.982944 [debug] [MainThread]: Flushing usage events
